// Jest Snapshot v1, https://goo.gl/fbAQLP

exports[`Inactive should render properly 1`] = `
<div>
  <table
    class="status-indicator-table"
    data-test="status-indicator-table"
    style="padding: 0px 7px 0px 5px; background-color: rgb(253, 238, 238);"
  >
    <tbody>
      <tr>
        <td>
          <div
            class="status-indicator-circle"
            data-test="status-indicator-circle"
            style="width: 10px; height: 10px; background-color: rgb(238, 95, 91);"
          />
        </td>
        <td>
          <span
            class="status-indicator-label"
            data-test="status-indicator-label"
            style="color: rgb(238, 95, 91); font-size: 11px;"
          >
            Inactive
          </span>
        </td>
      </tr>
    </tbody>
  </table>
</div>
`;
